warning: struct `RolePermission` is never constructed
  --> src/models/permission.rs:28:12
   |
28 | pub struct RolePermission {
   |            ^^^^^^^^^^^^^^
   |
   = note: `#[warn(dead_code)]` (part of `#[warn(unused)]`) on by default

warning: struct `UserPermissionOverride` is never constructed
  --> src/models/permission.rs:36:12
   |
36 | pub struct UserPermissionOverride {
   |            ^^^^^^^^^^^^^^^^^^^^^^

warning: `sanctus_backend` (bin "sanctus_backend") generated 2 warnings
    Finished `dev` profile [unoptimized + debuginfo] target(s) in 1.22s
warning: the following packages contain code that will be rejected by a future version of Rust: sqlx-postgres v0.7.4
note: to see what the problems were, use the option `--future-incompat-report`, or run `cargo report future-incompatibilities --id 1`
     Running `target/debug/sanctus_backend`
[2m2026-03-09T20:13:08.214616Z[0m [32m INFO[0m [2msanctus_backend[0m[2m:[0m Connecting to database...
[2m2026-03-09T20:13:08.427175Z[0m [32m INFO[0m [2msanctus_backend[0m[2m:[0m Database connection established
[2m2026-03-09T20:13:08.427215Z[0m [32m INFO[0m [2msanctus_backend[0m[2m:[0m Running database migrations...
[2m2026-03-09T20:13:08.456183Z[0m [32m INFO[0m [2msanctus_backend[0m[2m:[0m Migrations applied successfully
[2m2026-03-09T20:13:08.465413Z[0m [34mDEBUG[0m [2msanctus_backend[0m[2m:[0m listening on 127.0.0.1:3000

thread 'main' (36278) panicked at src/main.rs:119:62:
called `Result::unwrap()` on an `Err` value: Os { code: 98, kind: AddrInUse, message: "Address already in use" }
note: run with `RUST_BACKTRACE=1` environment variable to display a backtrace
